## Version
Hadoop: v1.2.1
Spark: v1.2.2


■ 하둡 시스템에 Hive 설치 

 "자바를 몰라도 rdbms 에 익숙한 데이터 분석가들을 위해서 SQL을 이용해서 하둡의 멥리듀싱을 지원하는 프로그래밍 "

 페이스북에서 만든 오픈소스 

1. 하이브 설치파일을 리눅스 시스템에 올립니다. 

하이브 설치 파일 다운로드 : 바로가기 
2. 하이브 설치파일을 /home/oracle 밑으로 복사합니다. 

[root@centos ~]# cp /media/sf_share/hive-0.12.0.tar.gz  /home/oracle/


3.  /home/oracle 밑의 하이브 설치파일의 권한을 777로 변경하고 소유자를 oracle  로 변경합니다.


[root@centos ~]# cd /home/oracle

 

[root@centos oracle]# chmod 777 hive-0.12.0.tar.gz

[root@centos oracle]# chown -R oracle:oracle hive-0.12.0.tar.gz

 

4. oracle 유져로 로그인해서 하이브 설치 파일의 압축을 풉니다.


[root@centos oracle]# su - oracle

 

[oracle@centos ~]$ pwd
[oracle@centos ~]$ tar xvzf hive-0.12.0.tar.gz

5. 하이브 홈 디렉토리가 생성되었는지 확인합니다. 

[oracle@centos ~]$ ls  -ld   hive-0.12.0

6. oracle 유져의 환경 정보 파일인 .bash_profile 에 하이브 홈 디렉토리를 지정합니다.

[oracle@centos ~]$ cd
[oracle@centos ~]$ vi .bash_profile

맨 아래쪽에 아래의 명령어를 입력

#==================================
export  HIVE_HOME=/home/oracle/hive-0.12.0
export PATH=$HIVE_HOME/bin:$PATH
#==================================

7.   .bash_profile 을 수행합니다.

[oracle@centos ~]$ source .bash_profile            

8. 하이브로 접속합니다.

[oracle@centos ~]$ hive    

Logging initialized using configuration in jar:file:/home/oracle/hive-0.12.0/lib/hive-common-0.12.0.jar!/hive-log4j.properties
             
hive> show  tables ;

9. hive 에 emp 테이블을 생성합니다.

create table emp          
(empno int,  
ename string,
job string,
mgr int,
hiredate string,
sal int,
comm int,
deptno int)
row format delimited 
fields terminated by ','   
lines terminated by '\n'   
stored as textfile ;
10. 별도의 터미널 창을 열고 oracle 유져로 접속하여 하둡파일 시스템에 emp.csv 와 dept.csv 를 올립니다. 

[oracle@centos ~]$ hadoop fs -put emp.csv /user/oracle/emp2.csv
[oracle@centos ~]$ hadoop fs -put dept.csv /user/oracle/dept2.csv
[oracle@centos ~]$ hadoop  fs  -lsr 

11. 테이블 만든 터미널 창으로 돌아와서 하둡 파일 시스템의 emp2.csv 를  하이브 테이블 emp 에 입력합니다

hive>  load  data  inpath  '/user/oracle/emp2.csv'  overwrite   into   table  emp ;

hive> select * from emp;

12. 이름과 월급을 조회합니다.

hive>  select ename, sal from emp;

Total MapReduce jobs = 1
Launching Job 1 out of 1
Number of reduce tasks is set to 0 since there's no reduce operator
Starting Job = job_202108231658_0001, Tracking URL = http://localhost:50030/jobdetails.jsp?jobid=job_202108231658_0001
Kill Command = /home/oracle/hadoop/hadoop-1.2.1/libexec/../bin/hadoop job  -kill job_202108231658_0001
Hadoop job information for Stage-1: number of mappers: 1; number of reducers: 0
2021-08-23 17:28:45,295 Stage-1 map = 0%,  reduce = 0%
2021-08-23 17:28:46,311 Stage-1 map = 100%,  reduce = 0%, Cumulative CPU 0.24 sec
2021-08-23 17:28:47,314 Stage-1 map = 100%,  reduce = 100%, Cumulative CPU 0.24 sec
MapReduce Total cumulative CPU time: 240 msec
Ended Job = job_202108231658_0001
MapReduce Jobs Launched:
Job 0: Map: 1   Cumulative CPU: 0.24 sec   HDFS Read: 863 HDFS Write: 152 SUCCESS
Total MapReduce CPU Time Spent: 240 msec
OK
KING    5000
BLAKE   2850
CLARK   2450
JONES   2975
MARTIN  1250
ALLEN   1600
TURNER  1500
JAMES   950
WARD    1250
FORD    3000
SMITH   800
SCOTT   3000
ADAMS   1100
MILLER  1300

Time taken: 7.013 seconds, Fetched: 14 row(s)


설치 시 이슈 사항 모음
  
HADOOP 설치

문제:
jps 명령어 실행 시 NameNode가 정상적으로 기동하지 않는 에러 발생 시 아래 파일을 수정

해결: 
vi core-site.xml

<configuration>
  <property>
    <name>fs.default.name</name>
    <value>hdfs://localhost:9000</value>
  </property>
</configuration>



HIVE 설치

문제:
하이브 실행 후 아래 에러 발생 시
Exception in thread "main" java.lang.RuntimeException: java.io.IOException: Filesystem closed


해결:
hadoop dfs -mkdir /tmp/hive
hadoop dfs -chmod 777 /tmp
hadoop dfs -chmod 777 /tmp/hive


문제:
hiveserver2 명렁어를 실행 한 후 hive 명령어가 정상적으로 작동하지 않는 에러

해결:
jps 실행 후 RunJar 라고 되어있는 프로세스 kill 
예시) kill -9 ${RunJar_Process_Number}

이후 jps로 RunJar 프로세스가 안뜨면 다시 hive 접속


문제:
hive 실행 후 hiveserver2 명령어가 정상적으로 작동하지 않는 에러
hiveserver2 실행 이후 아래 명령어를 실행 했을 때 아무것도 안나오면 정상적으로 작동하지 않는 상태
$ netstat -ant |grep 10000 


해결:
find / -name hive.log

해당 로그찾아서 확인해야 함 

만약 아래 내용에 에러가 발생했다면 ps -ef |grep hive 프로세스 전부 kill 하고 다시 실행
ERROR XSDB6: Another instance of Derby may have already booted the database /home/oracle/metastore_db.

아래 명령어 실행시 10000번 포트가 바인딩되면 정상작동 완료
hiverserver2 &  



SPARK 설치 

문제:
spark 실행 후 아래 내용 타이핑 이후 
$ sqlContext.sql("CREATE TABLE IF NOT EXISTS employee (id INT, name STRING, age INT) ROW FORMAT DELIMITED FIELDS TERMINATED BY ','  LINES TERMINATED BY '\n'")

해당 에러 발생 시
Failed to start database 'metastore_db' with class loader 

해결:
cd /home/oracle
rm metastore_db/dbex.lck




  
